******************************************************************************
             TMS320C2000 Linker PC v22.6.0                     
******************************************************************************
>> Linked Sun May 19 01:51:43 2024

OUTPUT FILE NAME:   <c2000_sci_lab.out>
ENTRY POINT SYMBOL: "code_start"  address: 00080000


MEMORY CONFIGURATION

         name            origin    length      used     unused   attr    fill
----------------------  --------  ---------  --------  --------  ----  --------
PAGE 0:
  RAMM0                 00000123   000002dd  00000000  000002dd  RWIX
  RAMLS0                00008000   00000800  00000128  000006d8  RWIX
  RAMLS1                00008800   00000800  00000000  00000800  RWIX
  RAMLS2                00009000   00000800  00000000  00000800  RWIX
  RAMLS3                00009800   00000800  00000000  00000800  RWIX
  RAMLS4                0000a000   00000800  00000000  00000800  RWIX
  RAMD0                 0000b000   00000800  00000000  00000800  RWIX
  RAMGS14               0001a000   00001000  00000000  00001000  RWIX
  RAMGS15               0001b000   00000ff8  00000000  00000ff8  RWIX
  BEGIN                 00080000   00000002  00000002  00000000  RWIX
  FLASHA                00080002   00001ffe  00000000  00001ffe  RWIX
  FLASHB                00082000   00002000  000011be  00000e42  RWIX
  FLASHC                00084000   00002000  00000000  00002000  RWIX
  FLASHD                00086000   00002000  00000128  00001ed8  RWIX
  FLASHE                00088000   00008000  00000000  00008000  RWIX
  FLASHF                00090000   00008000  00000541  00007abf  RWIX
  FLASHG                00098000   00008000  00000000  00008000  RWIX
  FLASHH                000a0000   00008000  00000000  00008000  RWIX
  FLASHI                000a8000   00008000  00000000  00008000  RWIX
  FLASHJ                000b0000   00008000  00000000  00008000  RWIX
  FLASHK                000b8000   00002000  00000000  00002000  RWIX
  FLASHL                000ba000   00002000  00000000  00002000  RWIX
  FLASHM                000bc000   00002000  00000000  00002000  RWIX
  FLASHN                000be000   00001ff0  00000000  00001ff0  RWIX
  RESET                 003fffc0   00000002  00000000  00000002  RWIX

PAGE 1:
  BOOT_RSVD             00000002   00000121  00000000  00000121  RWIX
  RAMM1                 00000400   000003f8  00000100  000002f8  RWIX
  RAMLS5                0000a800   00000800  00000012  000007ee  RWIX
  RAMD1                 0000b800   00000800  00000000  00000800  RWIX
  RAMGS0                0000c000   00001000  00000000  00001000  RWIX
  RAMGS1                0000d000   00001000  00000000  00001000  RWIX
  RAMGS2                0000e000   00001000  00000000  00001000  RWIX
  RAMGS3                0000f000   00001000  00000000  00001000  RWIX
  RAMGS4                00010000   00001000  00000000  00001000  RWIX
  RAMGS5                00011000   00001000  00000000  00001000  RWIX
  RAMGS6                00012000   00001000  00000000  00001000  RWIX
  RAMGS7                00013000   00001000  00000000  00001000  RWIX
  RAMGS8                00014000   00001000  00000000  00001000  RWIX
  RAMGS9                00015000   00001000  00000000  00001000  RWIX
  RAMGS10               00016000   00001000  00000000  00001000  RWIX
  RAMGS11               00017000   00001000  00000000  00001000  RWIX
  RAMGS12               00018000   00001000  00000000  00001000  RWIX
  RAMGS13               00019000   00001000  00000000  00001000  RWIX
  CPU2TOCPU1RAM         0003f800   00000400  00000000  00000400  RWIX
  CPU1TOCPU2RAM         0003fc00   00000400  00000000  00000400  RWIX


SECTION ALLOCATION MAP

 output                                  attributes/
section   page    origin      length       input sections
--------  ----  ----------  ----------   ----------------
codestart 
*          0    00080000    00000002     
                  00080000    00000002     F2837xD_CodeStartBranch.obj (codestart)

.cinit     0    000831a8    0000001c     
                  000831a8    0000000a     (.cinit..data.load) [load image, compression = lzss]
                  000831b2    00000006     (__TI_handler_table)
                  000831b8    00000004     (.cinit..bss.load) [load image, compression = zero_init]
                  000831bc    00000008     (__TI_cinit_table)

.stack     1    00000400    00000100     UNINITIALIZED
                  00000400    00000100     --HOLE--

.reset     0    003fffc0    00000000     DSECT

.init_array 
*          0    00082000    00000000     UNINITIALIZED

.bss       1    0000a810    00000002     UNINITIALIZED
                  0000a810    00000002     c2000_sci_lab_main.obj (.bss)

.data      1    0000a800    00000010     UNINITIALIZED
                  0000a800    00000006     device.obj (.data)
                  0000a806    00000006     rts2800_fpu32_eabi.lib : exit.c.obj (.data)
                  0000a80c    00000002                            : _lock.c.obj (.data:_lock)
                  0000a80e    00000002                            : _lock.c.obj (.data:_unlock)

.const     0    00090000    00000541     
                  00090000    00000146     c2000_sci_lab_main.obj (.const:.string)
                  00090146    000000c2     driverlib_eabi.lib : sysctl.obj (.const:.string)
                  00090208    000000bf                        : flash.obj (.const:.string)
                  000902c7    00000001     --HOLE-- [fill = 0]
                  000902c8    000000bc                        : gpio.obj (.const:.string)
                  00090384    000000bb                        : sci.obj (.const:.string)
                  0009043f    00000001     --HOLE-- [fill = 0]
                  00090440    0000008b     board.obj (.const:.string)
                  000904cb    00000001     --HOLE-- [fill = 0]
                  000904cc    00000062     driverlib_eabi.lib : cputimer.obj (.const:.string)
                  0009052e    00000013     device.obj (.const:.string)

.TI.ramfunc 
*          0    00086000    00000128     RUN ADDR = 00008000
                  00086000    00000043     driverlib_eabi.lib : flash.obj (.TI.ramfunc:Flash_initModule)
                  00086043    0000002c                        : flash.obj (.TI.ramfunc:Flash_setBankPowerMode)
                  0008606f    00000024                        : flash.obj (.TI.ramfunc:Flash_setWaitstates)
                  00086093    0000001d                        : flash.obj (.TI.ramfunc:Flash_setPumpPowerMode)
                  000860b0    00000018                        : flash.obj (.TI.ramfunc:Flash_disableCache)
                  000860c8    00000018                        : flash.obj (.TI.ramfunc:Flash_disablePrefetch)
                  000860e0    00000017                        : flash.obj (.TI.ramfunc:Flash_enableCache)
                  000860f7    00000017                        : flash.obj (.TI.ramfunc:Flash_enablePrefetch)
                  0008610e    00000016                        : flash.obj (.TI.ramfunc:Flash_enableECC)
                  00086124    00000004                        : sysctl.obj (.TI.ramfunc)

GETBUFFER 
*          0    0003f800    00000000     DSECT

GETWRITEIDX 
*          0    0003f800    00000000     DSECT

PUTREADIDX 
*          0    0003f800    00000000     DSECT

.text      0    00082000    000011a2     
                  00082000    000003fc     device.obj (.text)
                  000823fc    00000239     board.obj (.text)
                  00082635    00000209     driverlib_eabi.lib : sysctl.obj (.text:SysCtl_setClock)
                  0008283e    00000137     c2000_sci_lab_main.obj (.text)
                  00082975    00000090     driverlib_eabi.lib : sysctl.obj (.text:SysCtl_selectXTAL)
                  00082a05    00000088     rts2800_fpu32_eabi.lib : fs_div28.asm.obj (.text)
                  00082a8d    00000068     driverlib_eabi.lib : sysctl.obj (.text:SysCtl_getDeviceParametric)
                  00082af5    00000052                        : gpio.obj (.text:GPIO_setPadConfig)
                  00082b47    00000051                        : sysctl.obj (.text:SysCtl_getClock)
                  00082b98    00000048                        : sysctl.obj (.text:SysCtl_selectOscSource)
                  00082be0    00000045                        : sci.obj (.text:SCI_clearInterruptStatus)
                  00082c25    00000041                        : sci.obj (.text:SCI_writeCharArray)
                  00082c66    0000003e                        : sci.obj (.text:SCI_setConfig)
                  00082ca4    0000003d                        : interrupt.obj (.text:Interrupt_initModule)
                  00082ce1    00000038     c2000_sci_lab_main.obj (.text:retain)
                  00082d19    00000037     driverlib_eabi.lib : gpio.obj (.text:GPIO_setControllerCore)
                  00082d50    00000037                        : gpio.obj (.text:GPIO_setPinConfig)
                  00082d87    00000037                        : gpio.obj (.text:GPIO_setQualificationMode)
                  00082dbe    00000037                        : interrupt.obj (.text:Interrupt_enable)
                  00082df5    00000031                        : gpio.obj (.text:GPIO_setDirectionMode)
                  00082e26    0000002e     rts2800_fpu32_eabi.lib : copy_decompress_lzss.c.obj (.text:decompress:lzss)
                  00082e54    0000002b                            : autoinit.c.obj (.text:__TI_auto_init_nobinit_nopinit)
                  00082e7f    00000029                            : exit.c.obj (.text)
                  00082ea8    00000028     driverlib_eabi.lib : sysctl.obj (.text:CPUTimer_selectClockSource)
                  00082ed0    00000026                        : flash.obj (.text:Flash_setBankPowerUpDelay)
                  00082ef6    00000020                        : sci.obj (.text:SCI_isFIFOEnabled)
                  00082f16    0000001f                        : sysctl.obj (.text:CPUTimer_getTimerOverflowStatus)
                  00082f35    0000001e                        : interrupt.obj (.text:Interrupt_initVectorTable)
                  00082f53    0000001d     rts2800_fpu32_eabi.lib : memcpy.c.obj (.text)
                  00082f70    0000001b     driverlib_eabi.lib : sci.obj (.text:SCI_isBaseValid)
                  00082f8b    0000001a                        : sysctl.obj (.text:CPUTimer_startTimer)
                  00082fa5    0000001a                        : sci.obj (.text:SCI_isSpaceAvailableNonFIFO)
                  00082fbf    0000001a                        : sysctl.obj (.text:SysCtl_getLowSpeedClock)
                  00082fd9    00000018                        : sci.obj (.text:SCI_disableModule)
                  00082ff1    00000018                        : sci.obj (.text:SCI_performSoftwareReset)
                  00083009    00000017                        : cputimer.obj (.text:CPUTimer_isBaseValid)
                  00083020    00000017                        : sysctl.obj (.text:CPUTimer_isBaseValid)
                  00083037    00000017     rts2800_fpu32_eabi.lib : boot28.asm.obj (.text)
                  0008304e    00000016     driverlib_eabi.lib : interrupt.obj (.text:Interrupt_defaultHandler)
                  00083064    00000014                        : sysctl.obj (.text:CPUTimer_stopTimer)
                  00083078    00000014                        : sci.obj (.text:SCI_getTxFIFOStatus)
                  0008308c    00000013                        : cputimer.obj (.text:CPUTimer_setEmulationMode)
                  0008309f    00000013                        : sci.obj (.text:SCI_enableModule)
                  000830b2    00000012                        : sysctl.obj (.text:CPUTimer_clearOverflowFlag)
                  000830c4    00000012                        : sysctl.obj (.text:CPUTimer_disableInterrupt)
                  000830d6    00000011                        : sysctl.obj (.text:CPUTimer_setPeriod)
                  000830e7    00000010                        : flash.obj (.text:Flash_isCtrlBaseValid)
                  000830f7    00000010                        : flash.obj (.text:Flash_isECCBaseValid)
                  00083107    0000000f                        : sysctl.obj (.text:SysCtl_pollCpuTimer)
                  00083116    0000000e                        : gpio.obj (.text:GPIO_isPinValid)
                  00083124    0000000d                        : interrupt.obj (.text:Interrupt_disableGlobal)
                  00083131    0000000d                        : interrupt.obj (.text:Interrupt_enableGlobal)
                  0008313e    0000000d     rts2800_fpu32_eabi.lib : copy_zero_init.c.obj (.text:decompress:ZI:__TI_zero_init_nomemset)
                  0008314b    0000000c                            : args_main.c.obj (.text)
                  00083157    0000000b     driverlib_eabi.lib : sysctl.obj (.text:SysCtl_isMCDClockFailureDetected)
                  00083162    0000000a                        : interrupt.obj (.text:Interrupt_illegalOperationHandler)
                  0008316c    0000000a                        : interrupt.obj (.text:Interrupt_nmiHandler)
                  00083176    00000009                        : sysctl.obj (.text:SysCtl_serviceWatchdog)
                  0008317f    00000009     rts2800_fpu32_eabi.lib : _lock.c.obj (.text)
                  00083188    00000008     F2837xD_CodeStartBranch.obj (.text)
                  00083190    00000008     rts2800_fpu32_eabi.lib : copy_decompress_none.c.obj (.text:decompress:none)
                  00083198    00000007     driverlib_eabi.lib : sysctl.obj (.text:SysCtl_resetMCD)
                  0008319f    00000002     rts2800_fpu32_eabi.lib : pre_init.c.obj (.text)
                  000831a1    00000001                            : startup.c.obj (.text)

MODULE SUMMARY

       Module                        code   ro data   rw data
       ------                        ----   -------   -------
    .\
       c2000_sci_lab_main.obj        367    326       2      
    +--+-----------------------------+------+---------+---------+
       Total:                        367    326       2      
                                                             
    .\device\
       device.obj                    1020   19        6      
       F2837xD_CodeStartBranch.obj   10     0         0      
    +--+-----------------------------+------+---------+---------+
       Total:                        1030   19        6      
                                                             
    .\syscfg\
       board.obj                     569    139       0      
    +--+-----------------------------+------+---------+---------+
       Total:                        569    139       0      
                                                             
    D:\ti\c2000\C2000Ware_5_02_00_00\driverlib\f2837xd\driverlib\ccs\Debug\driverlib_eabi.lib
       sysctl.obj                    1191   194       0      
       flash.obj                     654    191       0      
       sci.obj                       368    187       0      
       gpio.obj                      310    188       0      
       interrupt.obj                 214    0         0      
       cputimer.obj                  42     98        0      
    +--+-----------------------------+------+---------+---------+
       Total:                        2779   858       0      
                                                             
    D:\ti\ccs1240\ccs\tools\compiler\ti-cgt-c2000_22.6.0.LTS\lib\rts2800_fpu32_eabi.lib
       fs_div28.asm.obj              136    0         0      
       exit.c.obj                    41     0         6      
       copy_decompress_lzss.c.obj    46     0         0      
       autoinit.c.obj                43     0         0      
       memcpy.c.obj                  29     0         0      
       boot28.asm.obj                23     0         0      
       _lock.c.obj                   9      0         4      
       copy_zero_init.c.obj          13     0         0      
       args_main.c.obj               12     0         0      
       copy_decompress_none.c.obj    8      0         0      
       pre_init.c.obj                2      0         0      
       startup.c.obj                 1      0         0      
    +--+-----------------------------+------+---------+---------+
       Total:                        363    0         10     
                                                             
       Stack:                        0      0         256    
       Linker Generated:             0      28        0      
    +--+-----------------------------+------+---------+---------+
       Grand Total:                  5108   1370      274    


LINKER GENERATED COPY TABLES

__TI_cinit_table @ 000831bc records: 2, size/record: 4, table size: 8
	.data: load addr=000831a8, load size=0000000a bytes, run addr=0000a800, run size=00000010 bytes, compression=lzss
	.bss: load addr=000831b8, load size=00000004 bytes, run addr=0000a810, run size=00000002 bytes, compression=zero_init


LINKER GENERATED HANDLER TABLE

__TI_handler_table @ 000831b2 records: 3, size/record: 2, table size: 6
	index: 0, handler: __TI_zero_init
	index: 1, handler: __TI_decompress_lzss
	index: 2, handler: __TI_decompress_none


GLOBAL DATA SYMBOLS: SORTED BY DATA PAGE

address     data page           name
--------    ----------------    ----
00000400      10 (00000400)     __stack

0000a800     2a0 (0000a800)     Example_Result
0000a802     2a0 (0000a800)     Example_PassCount
0000a804     2a0 (0000a800)     Example_Fail
0000a806     2a0 (0000a800)     __TI_enable_exit_profile_output
0000a808     2a0 (0000a800)     __TI_cleanup_ptr
0000a80a     2a0 (0000a800)     __TI_dtors_ptr
0000a80c     2a0 (0000a800)     _lock
0000a80e     2a0 (0000a800)     _unlock
0000a810     2a0 (0000a800)     cpuTimer0IntCount
0000a811     2a0 (0000a800)     delayCount


GLOBAL SYMBOLS: SORTED ALPHABETICALLY BY Name 

page  address   name                                     
----  -------   ----                                     
0     0008257c  Board_init                               
0     00082e7f  C$$EXIT                                  
0     000825ac  CPUTIMER_init                            
0     0008308c  CPUTimer_setEmulationMode                
0     00082270  Device_bootCPU2                          
0     0008223f  Device_configureTMXAnalogTrim            
0     000820ed  Device_enableAllPeripherals              
0     00082229  Device_enableUnbondedGPIOPullups         
0     0008220c  Device_enableUnbondedGPIOPullupsFor100Pin
0     000821f9  Device_enableUnbondedGPIOPullupsFor176Pin
0     0008209a  Device_init                              
0     000821d8  Device_initGPIO                          
1     0000a804  Example_Fail                             
1     0000a802  Example_PassCount                        
1     0000a800  Example_Result                           
0     000823fb  Example_done                             
0     000823f6  Example_setResultFail                    
0     000823f1  Example_setResultPass                    
0     00008000  Flash_initModule                         
0     000825d1  GPIO_init                                
0     00082d19  GPIO_setControllerCore                   
0     00082df5  GPIO_setDirectionMode                    
0     00082af5  GPIO_setPadConfig                        
0     00082d50  GPIO_setPinConfig                        
0     00082d87  GPIO_setQualificationMode                
0     000825e8  INTERRUPT_init                           
0     00082ce1  INT_myCPUTIMER0_ISR                      
0     0008304e  Interrupt_defaultHandler                 
0     00082dbe  Interrupt_enable                         
0     00083162  Interrupt_illegalOperationHandler        
0     00082ca4  Interrupt_initModule                     
0     00082f35  Interrupt_initVectorTable                
0     0008316c  Interrupt_nmiHandler                     
0     00082589  PinMux_init                              
0     00086128  RamfuncsLoadEnd                          
abs   00000128  RamfuncsLoadSize                         
0     00086000  RamfuncsLoadStart                        
0     00008128  RamfuncsRunEnd                           
abs   00000128  RamfuncsRunSize                          
0     00008000  RamfuncsRunStart                         
0     00082be0  SCI_clearInterruptStatus                 
0     000825f5  SCI_init                                 
0     00082c66  SCI_setConfig                            
0     00082c25  SCI_writeCharArray                       
0     00008124  SysCtl_delay                             
0     00082b47  SysCtl_getClock                          
0     00082a8d  SysCtl_getDeviceParametric               
0     00082fbf  SysCtl_getLowSpeedClock                  
0     00082b98  SysCtl_selectOscSource                   
0     00082975  SysCtl_selectXTAL                        
0     00082635  SysCtl_setClock                          
0     000831bc  __TI_CINIT_Base                          
0     000831c4  __TI_CINIT_Limit                         
0     000831c4  __TI_CINIT_Warm                          
0     000831b2  __TI_Handler_Table_Base                  
0     000831b8  __TI_Handler_Table_Limit                 
1     00000500  __TI_STACK_END                           
abs   00000100  __TI_STACK_SIZE                          
0     00082e54  __TI_auto_init_nobinit_nopinit           
1     0000a808  __TI_cleanup_ptr                         
0     00082e26  __TI_decompress_lzss                     
0     00083190  __TI_decompress_none                     
1     0000a80a  __TI_dtors_ptr                           
1     0000a806  __TI_enable_exit_profile_output          
abs   ffffffff  __TI_pprof_out_hndl                      
abs   ffffffff  __TI_prof_data_size                      
abs   ffffffff  __TI_prof_data_start                     
0     0008313e  __TI_zero_init_nomemset                  
0     00082a05  __c28xabi_divf                           
n/a   UNDEFED   __c_args__                               
0     000823ea  __error__                                
1     00000400  __stack                                  
0     0008314b  _args_main                               
0     00083037  _c_int00                                 
1     0000a80c  _lock                                    
0     00083187  _nop                                     
0     00083183  _register_lock                           
0     0008317f  _register_unlock                         
0     000831a1  _system_post_cinit                       
0     0008319f  _system_pre_init                         
1     0000a80e  _unlock                                  
0     00082e7f  abort                                    
0     00080000  code_start                               
1     0000a810  cpuTimer0IntCount                        
1     0000a811  delayCount                               
0     00082e81  exit                                     
0     00082932  main                                     
0     00082f53  memcpy                                   
0     000825d4  myBoardLED0_GPIO_init                    
0     000825af  myCPUTIMER0_init                         
0     000825f8  mySCIA_init                              


GLOBAL SYMBOLS: SORTED BY Symbol Address 

page  address   name                                     
----  -------   ----                                     
0     00008000  Flash_initModule                         
0     00008000  RamfuncsRunStart                         
0     00008124  SysCtl_delay                             
0     00008128  RamfuncsRunEnd                           
0     00080000  code_start                               
0     0008209a  Device_init                              
0     000820ed  Device_enableAllPeripherals              
0     000821d8  Device_initGPIO                          
0     000821f9  Device_enableUnbondedGPIOPullupsFor176Pin
0     0008220c  Device_enableUnbondedGPIOPullupsFor100Pin
0     00082229  Device_enableUnbondedGPIOPullups         
0     0008223f  Device_configureTMXAnalogTrim            
0     00082270  Device_bootCPU2                          
0     000823ea  __error__                                
0     000823f1  Example_setResultPass                    
0     000823f6  Example_setResultFail                    
0     000823fb  Example_done                             
0     0008257c  Board_init                               
0     00082589  PinMux_init                              
0     000825ac  CPUTIMER_init                            
0     000825af  myCPUTIMER0_init                         
0     000825d1  GPIO_init                                
0     000825d4  myBoardLED0_GPIO_init                    
0     000825e8  INTERRUPT_init                           
0     000825f5  SCI_init                                 
0     000825f8  mySCIA_init                              
0     00082635  SysCtl_setClock                          
0     00082932  main                                     
0     00082975  SysCtl_selectXTAL                        
0     00082a05  __c28xabi_divf                           
0     00082a8d  SysCtl_getDeviceParametric               
0     00082af5  GPIO_setPadConfig                        
0     00082b47  SysCtl_getClock                          
0     00082b98  SysCtl_selectOscSource                   
0     00082be0  SCI_clearInterruptStatus                 
0     00082c25  SCI_writeCharArray                       
0     00082c66  SCI_setConfig                            
0     00082ca4  Interrupt_initModule                     
0     00082ce1  INT_myCPUTIMER0_ISR                      
0     00082d19  GPIO_setControllerCore                   
0     00082d50  GPIO_setPinConfig                        
0     00082d87  GPIO_setQualificationMode                
0     00082dbe  Interrupt_enable                         
0     00082df5  GPIO_setDirectionMode                    
0     00082e26  __TI_decompress_lzss                     
0     00082e54  __TI_auto_init_nobinit_nopinit           
0     00082e7f  C$$EXIT                                  
0     00082e7f  abort                                    
0     00082e81  exit                                     
0     00082f35  Interrupt_initVectorTable                
0     00082f53  memcpy                                   
0     00082fbf  SysCtl_getLowSpeedClock                  
0     00083037  _c_int00                                 
0     0008304e  Interrupt_defaultHandler                 
0     0008308c  CPUTimer_setEmulationMode                
0     0008313e  __TI_zero_init_nomemset                  
0     0008314b  _args_main                               
0     00083162  Interrupt_illegalOperationHandler        
0     0008316c  Interrupt_nmiHandler                     
0     0008317f  _register_unlock                         
0     00083183  _register_lock                           
0     00083187  _nop                                     
0     00083190  __TI_decompress_none                     
0     0008319f  _system_pre_init                         
0     000831a1  _system_post_cinit                       
0     000831b2  __TI_Handler_Table_Base                  
0     000831b8  __TI_Handler_Table_Limit                 
0     000831bc  __TI_CINIT_Base                          
0     000831c4  __TI_CINIT_Limit                         
0     000831c4  __TI_CINIT_Warm                          
0     00086000  RamfuncsLoadStart                        
0     00086128  RamfuncsLoadEnd                          
1     00000400  __stack                                  
1     00000500  __TI_STACK_END                           
1     0000a800  Example_Result                           
1     0000a802  Example_PassCount                        
1     0000a804  Example_Fail                             
1     0000a806  __TI_enable_exit_profile_output          
1     0000a808  __TI_cleanup_ptr                         
1     0000a80a  __TI_dtors_ptr                           
1     0000a80c  _lock                                    
1     0000a80e  _unlock                                  
1     0000a810  cpuTimer0IntCount                        
1     0000a811  delayCount                               
abs   00000100  __TI_STACK_SIZE                          
abs   00000128  RamfuncsLoadSize                         
abs   00000128  RamfuncsRunSize                          
abs   ffffffff  __TI_pprof_out_hndl                      
abs   ffffffff  __TI_prof_data_size                      
abs   ffffffff  __TI_prof_data_start                     
n/a   UNDEFED   __c_args__                               

[91 symbols]
